computed vk and pk in 70.802408041s
collapsed accumulator (step 0): 28 field elements (896 bytes)
generated IVC proof step 0 (Poseidon) in 133.033008875s
collapsed accumulator (step 1): 28 field elements (896 bytes)
generated IVC proof step 1 (EVM) in 143.249168833s
native evm accumulators: 1
native evm acc[0] lhs: 0000000000000000000000000000000008747b6c08560300cb9b65ac30dfb3cb 56bf87d7ee7aed61784cae1f68e6c9bd3cf9b4057c78d59d25f042a81db3877e 000000000000000000000000000000000116707ad02e1dd8d917957d1eaf2b69 a8a53b66f8f58e25d23801cda28f8df8d45fe6d1c9190f0875cb59b41b4621df
native evm acc[0] rhs: 00000000000000000000000000000000152b3e231da7581100d1bde38bf2948b e7382684fbdbc6821d9d00743be2c24906f32836fcb293141dd34b4848a79a75 000000000000000000000000000000000afbca186e4a151fe8a1dc15bdc9d45c 9e9a70e521974fdb9157504959ec61b50113732aab8de99a6b46ee4ec370cfbc
proof bytes: 8544
unrolled deployment code bytes: 90663
unrolled runtime code bytes: 90633
unrolled runtime deployable (EIP-170 <= 24576): false
unrolled initcode deployable (EIP-3860 <= 49152): false
compact runtime deployment code bytes: 4589
compact verifier runtime code bytes: 4032
compact page runtime sizes (bytes): [24576, 24576, 24576, 24576, 24576, 24576, 24576, 24576, 24576, 24576, 24576, 24576, 24576, 24576, 24576, 24576, 24576, 24576, 24576, 24576, 24576, 24576, 24576, 24576, 24576, 24576, 24576, 24576, 24576, 5376]
compact total deployed runtime code bytes (verifier + pages): 722112
hybrid runtime deployment code bytes: 4589
hybrid verifier runtime code bytes: 4032
hybrid page runtime sizes (bytes): [24576, 24576, 24576, 24576, 24576, 24576, 24576, 24576, 24576, 24576, 24576, 24576, 24576, 24576, 24576, 24576, 24576, 24576, 24576, 24576, 24576, 24576, 14176]
hybrid total deployed runtime code bytes (verifier + pages): 558880
unrolled-sharded dispatcher runtime bytes: 189
unrolled-sharded dispatcher initcode bytes: 954
unrolled-sharded shard runtime sizes (bytes): [24217, 24271, 23883, 18670]
unrolled-sharded shard initcode sizes (bytes): [24245, 24299, 23911, 18698]
unrolled-sharded dispatcher runtime deployable (EIP-170 <= 24576): true
unrolled-sharded dispatcher initcode deployable (EIP-3860 <= 49152): true
unrolled-sharded shard runtime deployable (all): true
unrolled-sharded shard initcode deployable (all): true
calldata bytes: 9504
wrote out/bench/midnight_ivc/20260214-142046/artifacts/MidnightIvcVerifier.sol
wrote out/bench/midnight_ivc/20260214-142046/artifacts/midnight_ivc.bytecode
wrote out/bench/midnight_ivc/20260214-142046/artifacts/midnight_ivc.calldata
wrote out/bench/midnight_ivc/20260214-142046/artifacts/MidnightIvcVerifierCompact.sol
wrote out/bench/midnight_ivc/20260214-142046/artifacts/midnight_ivc_compact_runtime.bytecode
wrote out/bench/midnight_ivc/20260214-142046/artifacts/midnight_ivc_compact_pages.bytecode
wrote out/bench/midnight_ivc/20260214-142046/artifacts/midnight_ivc_compact_manifest.txt
wrote out/bench/midnight_ivc/20260214-142046/artifacts/MidnightIvcVerifierHybrid.sol
wrote out/bench/midnight_ivc/20260214-142046/artifacts/midnight_ivc_hybrid_runtime.bytecode
wrote out/bench/midnight_ivc/20260214-142046/artifacts/midnight_ivc_hybrid_pages.bytecode
wrote out/bench/midnight_ivc/20260214-142046/artifacts/midnight_ivc_hybrid_manifest.txt
wrote out/bench/midnight_ivc/20260214-142046/artifacts/MidnightIvcVerifierUnrolledShardedDispatcher.sol
wrote out/bench/midnight_ivc/20260214-142046/artifacts/midnight_ivc_unrolled_sharded_dispatcher.bytecode
wrote out/bench/midnight_ivc/20260214-142046/artifacts/midnight_ivc_unrolled_sharded_shards.bytecode
wrote out/bench/midnight_ivc/20260214-142046/artifacts/midnight_ivc_unrolled_sharded_manifest.txt
revm deployment gas: 19603606
revm gas: 1121364
revm compact deployment gas: pages=149017243 verifier=1658699 total=150675942
revm compact gas: 6587784
revm hybrid deployment gas: pages=115297023 verifier=1500014 total=116797037
revm hybrid gas: 6180970
revm unrolled-sharded deployment gas: shards=19840383 dispatcher=220598 total=20060981
revm unrolled-sharded gas: 1356035
wrote out/bench/midnight_ivc/20260214-142046/artifacts/midnight_ivc_bench.json
bench-summary-json=out/bench/midnight_ivc/20260214-142046/artifacts/midnight_ivc_bench.json
